Archive member included to satisfy reference by file (symbol)

c:/program files (x86)/atmel/studio/7.0/toolchain/avr8/avr8-gnu-toolchain/bin/../lib/gcc/avr/4.9.2/avr5\libgcc.a(_divmodqi4.o)
                              intrpt.o (__divmodqi4)
c:/program files (x86)/atmel/studio/7.0/toolchain/avr8/avr8-gnu-toolchain/bin/../lib/gcc/avr/4.9.2/avr5\libgcc.a(_divmodhi4.o)
                              strFunc.o (__divmodhi4)
c:/program files (x86)/atmel/studio/7.0/toolchain/avr8/avr8-gnu-toolchain/bin/../lib/gcc/avr/4.9.2/avr5\libgcc.a(_exit.o)
                              C:/Program Files (x86)/Atmel/Studio/7.0/Packs/atmel/ATmega_DFP/1.1.130/gcc/dev/atmega328p/avr5/crtatmega328p.o (exit)
c:/program files (x86)/atmel/studio/7.0/toolchain/avr8/avr8-gnu-toolchain/bin/../lib/gcc/avr/4.9.2/avr5\libgcc.a(_tablejump2.o)
                              LCD_DS1307_DHT11.o (__tablejump2__)
c:/program files (x86)/atmel/studio/7.0/toolchain/avr8/avr8-gnu-toolchain/bin/../lib/gcc/avr/4.9.2/avr5\libgcc.a(_copy_data.o)
                              DS1307.o (__do_copy_data)
c:/program files (x86)/atmel/studio/7.0/toolchain/avr8/avr8-gnu-toolchain/bin/../lib/gcc/avr/4.9.2/avr5\libgcc.a(_clear_bss.o)
                              DHT11.o (__do_clear_bss)
c:/program files (x86)/atmel/studio/7.0/toolchain/avr8/avr8-gnu-toolchain/bin/../lib/gcc/avr/4.9.2/avr5\libgcc.a(_umulhisi3.o)
                              strFunc.o (__umulhisi3)
c:/program files (x86)/atmel/studio/7.0/toolchain/avr8/avr8-gnu-toolchain/bin/../lib/gcc/avr/4.9.2/avr5\libgcc.a(_udivmodqi4.o)
                              c:/program files (x86)/atmel/studio/7.0/toolchain/avr8/avr8-gnu-toolchain/bin/../lib/gcc/avr/4.9.2/avr5\libgcc.a(_divmodqi4.o) (__udivmodqi4)
c:/program files (x86)/atmel/studio/7.0/toolchain/avr8/avr8-gnu-toolchain/bin/../lib/gcc/avr/4.9.2/avr5\libgcc.a(_udivmodhi4.o)
                              c:/program files (x86)/atmel/studio/7.0/toolchain/avr8/avr8-gnu-toolchain/bin/../lib/gcc/avr/4.9.2/avr5\libgcc.a(_divmodhi4.o) (__udivmodhi4)
c:/program files (x86)/atmel/studio/7.0/toolchain/avr8/avr8-gnu-toolchain/bin/../lib/gcc/avr/4.9.2/../../../../avr/lib/avr5\libc.a(atoi.o)
                              strFunc.o (atoi)
c:/program files (x86)/atmel/studio/7.0/toolchain/avr8/avr8-gnu-toolchain/bin/../lib/gcc/avr/4.9.2/../../../../avr/lib/avr5\libc.a(strtok.o)
                              strFunc.o (strtok)
c:/program files (x86)/atmel/studio/7.0/toolchain/avr8/avr8-gnu-toolchain/bin/../lib/gcc/avr/4.9.2/../../../../avr/lib/avr5\libc.a(strcmp.o)
                              strFunc.o (strcmp)
c:/program files (x86)/atmel/studio/7.0/toolchain/avr8/avr8-gnu-toolchain/bin/../lib/gcc/avr/4.9.2/../../../../avr/lib/avr5\libc.a(strcpy.o)
                              strFunc.o (strcpy)
c:/program files (x86)/atmel/studio/7.0/toolchain/avr8/avr8-gnu-toolchain/bin/../lib/gcc/avr/4.9.2/../../../../avr/lib/avr5\libc.a(strtok_r.o)
                              c:/program files (x86)/atmel/studio/7.0/toolchain/avr8/avr8-gnu-toolchain/bin/../lib/gcc/avr/4.9.2/../../../../avr/lib/avr5\libc.a(strtok.o) (strtok_r)
c:/program files (x86)/atmel/studio/7.0/toolchain/avr8/avr8-gnu-toolchain/bin/../lib/gcc/avr/4.9.2/../../../../avr/lib/avr5\libc.a(itoa_ncheck.o)
                              DHT11.o (__itoa_ncheck)
c:/program files (x86)/atmel/studio/7.0/toolchain/avr8/avr8-gnu-toolchain/bin/../lib/gcc/avr/4.9.2/../../../../avr/lib/avr5\libc.a(mul10.o)
                              c:/program files (x86)/atmel/studio/7.0/toolchain/avr8/avr8-gnu-toolchain/bin/../lib/gcc/avr/4.9.2/../../../../avr/lib/avr5\libc.a(atoi.o) (__mulhi_const_10)
c:/program files (x86)/atmel/studio/7.0/toolchain/avr8/avr8-gnu-toolchain/bin/../lib/gcc/avr/4.9.2/../../../../avr/lib/avr5\libc.a(utoa_ncheck.o)
                              c:/program files (x86)/atmel/studio/7.0/toolchain/avr8/avr8-gnu-toolchain/bin/../lib/gcc/avr/4.9.2/../../../../avr/lib/avr5\libc.a(itoa_ncheck.o) (__utoa_common)
c:/program files (x86)/atmel/studio/7.0/toolchain/avr8/avr8-gnu-toolchain/bin/../lib/gcc/avr/4.9.2/../../../../avr/lib/avr5\libc.a(strrev.o)
                              c:/program files (x86)/atmel/studio/7.0/toolchain/avr8/avr8-gnu-toolchain/bin/../lib/gcc/avr/4.9.2/../../../../avr/lib/avr5\libc.a(utoa_ncheck.o) (strrev)
C:/Program Files (x86)/Atmel/Studio/7.0/Packs/atmel/ATmega_DFP/1.1.130/gcc/dev/atmega328p/avr5\libatmega328p.a(eerd_byte.o)
                              EEPROM.o (eeprom_read_byte)
C:/Program Files (x86)/Atmel/Studio/7.0/Packs/atmel/ATmega_DFP/1.1.130/gcc/dev/atmega328p/avr5\libatmega328p.a(eeupd_byte.o)
                              EEPROM.o (eeprom_update_byte)

Allocating common symbols
Common symbol       size              file

strHumid            0x3               DHT11.o
monthEndDate        0x1               globals.o
numSQW              0x2               globals.o
temp                0x1               DHT11.o
prevMenuCnt         0x1               globals.o
strTemp             0x3               DHT11.o
humid               0x1               DHT11.o

Discarded input sections

 .data          0x00000000        0x0 C:/Program Files (x86)/Atmel/Studio/7.0/Packs/atmel/ATmega_DFP/1.1.130/gcc/dev/atmega328p/avr5/crtatmega328p.o
 .bss           0x00000000        0x0 C:/Program Files (x86)/Atmel/Studio/7.0/Packs/atmel/ATmega_DFP/1.1.130/gcc/dev/atmega328p/avr5/crtatmega328p.o
 .text          0x00000000        0x0 config.o
 .data          0x00000000        0x0 config.o
 .bss           0x00000000        0x0 config.o
 .text          0x00000000        0x0 DHT11.o
 .data          0x00000000        0x0 DHT11.o
 .bss           0x00000000        0x0 DHT11.o
 .text          0x00000000        0x0 DS1307.o
 .data          0x00000000        0x0 DS1307.o
 .bss           0x00000000        0x0 DS1307.o
 .text.SetTimeDate
                0x00000000       0xd0 DS1307.o
 .text.setTime2DS1307
                0x00000000       0x70 DS1307.o
 .text.DS1307_setSQW
                0x00000000       0x18 DS1307.o
 .text.testCountSQW
                0x00000000       0x24 DS1307.o
 .text          0x00000000        0x0 EEPROM.o
 .data          0x00000000        0x0 EEPROM.o
 .bss           0x00000000        0x0 EEPROM.o
 .text.ER_Byte_LCD
                0x00000000       0x62 EEPROM.o
 .text.EW_tempHumid
                0x00000000       0x32 EEPROM.o
 .text.EWR_dht11
                0x00000000       0x3c EEPROM.o
 .text.EW_Time  0x00000000       0x70 EEPROM.o
 .text.EWR_ds1307
                0x00000000       0x1c EEPROM.o
 .bss.er_ptr    0x00000000        0x1 EEPROM.o
 .bss.ew_ptr    0x00000000        0x1 EEPROM.o
 .debug_info    0x00000000      0x760 EEPROM.o
 .debug_abbrev  0x00000000      0x29e EEPROM.o
 .debug_loc     0x00000000      0x12d EEPROM.o
 .debug_aranges
                0x00000000       0x40 EEPROM.o
 .debug_ranges  0x00000000       0x30 EEPROM.o
 .debug_line    0x00000000      0x2f5 EEPROM.o
 .debug_str     0x00000000      0x323 EEPROM.o
 .comment       0x00000000       0x31 EEPROM.o
 .debug_frame   0x00000000       0x90 EEPROM.o
 .text          0x00000000        0x0 LCD_DS1307_DHT11.o
 .data          0x00000000        0x0 LCD_DS1307_DHT11.o
 .bss           0x00000000        0x0 LCD_DS1307_DHT11.o
 .rodata.str1.1
                0x00000000       0x29 LCD_DS1307_DHT11.o
 .text.ShowI2Cdevices
                0x00000000       0x34 LCD_DS1307_DHT11.o
 .text.LCD_WriteWelcome
                0x00000000       0x3a LCD_DS1307_DHT11.o
 .text.powerOnWelcomeMessage
                0x00000000       0x50 LCD_DS1307_DHT11.o
 .text.powerOnWelcomeMessage_Short
                0x00000000       0x1c LCD_DS1307_DHT11.o
 .text.showPowerOnTime
                0x00000000       0x1c LCD_DS1307_DHT11.o
 .text.test_LCD_DS1307
                0x00000000        0x2 LCD_DS1307_DHT11.o
 .text          0x00000000        0x0 globals.o
 .data          0x00000000        0x0 globals.o
 .bss           0x00000000        0x0 globals.o
 .data.menu_str2
                0x00000000       0x10 globals.o
 .data.menu_str1
                0x00000000       0x11 globals.o
 .text          0x00000000        0x0 I2C.o
 .data          0x00000000        0x0 I2C.o
 .bss           0x00000000        0x0 I2C.o
 .text.I2C_FindDevice
                0x00000000       0x24 I2C.o
 .text.I2C_Start
                0x00000000        0x6 I2C.o
 .text.I2C_ReadACK
                0x00000000       0x16 I2C.o
 .text.I2C_WriteByte
                0x00000000       0x18 I2C.o
 .text.I2C_WriteRegister
                0x00000000       0x24 I2C.o
 .text          0x00000000        0x0 intrpt.o
 .data          0x00000000        0x0 intrpt.o
 .bss           0x00000000        0x0 intrpt.o
 .text.WDT_Init
                0x00000000       0x32 intrpt.o
 .text.setup_wdt
                0x00000000       0x10 intrpt.o
 .text.check_wdt
                0x00000000       0x1a intrpt.o
 .text.init_devices
                0x00000000       0x18 intrpt.o
 .text          0x00000000        0x0 LCD.o
 .data          0x00000000        0x0 LCD.o
 .bss           0x00000000        0x0 LCD.o
 .text          0x00000000        0x0 LCDutil.o
 .data          0x00000000        0x0 LCDutil.o
 .bss           0x00000000        0x0 LCDutil.o
 .text.LCD_Hex  0x00000000       0x4a LCDutil.o
 .text.lcd_SysTime
                0x00000000       0x36 LCDutil.o
 .text.lcd_dispON
                0x00000000        0xe LCDutil.o
 .text.lcd_dispOFF
                0x00000000        0xe LCDutil.o
 .text.lcd_showDHT11
                0x00000000       0x8c LCDutil.o
 .text.lcd_dispMenu
                0x00000000       0x3c LCDutil.o
 .text.lcd_testString
                0x00000000       0x86 LCDutil.o
 .text.LCD_dispReadyAndSleep
                0x00000000       0x54 LCDutil.o
 .text.chkButtonAndToggleBacklight
                0x00000000       0x1c LCDutil.o
 .text          0x00000000        0x0 main.o
 .data          0x00000000        0x0 main.o
 .bss           0x00000000        0x0 main.o
 .text          0x00000000        0x0 PowerSave.o
 .data          0x00000000        0x0 PowerSave.o
 .bss           0x00000000        0x0 PowerSave.o
 .text          0x00000000        0x0 Sound.o
 .data          0x00000000        0x0 Sound.o
 .bss           0x00000000        0x0 Sound.o
 .text          0x00000000        0x0 strFunc.o
 .data          0x00000000        0x0 strFunc.o
 .bss           0x00000000        0x0 strFunc.o
 .text.calcDay  0x00000000       0x1a strFunc.o
 .rodata.str1.1
                0x00000000       0x49 strFunc.o
 .text.parseCompileTime
                0x00000000      0x270 strFunc.o
 .debug_info    0x00000000      0x51a strFunc.o
 .debug_abbrev  0x00000000      0x12f strFunc.o
 .debug_loc     0x00000000      0x110 strFunc.o
 .debug_aranges
                0x00000000       0x28 strFunc.o
 .debug_ranges  0x00000000       0x18 strFunc.o
 .debug_line    0x00000000      0x1e2 strFunc.o
 .debug_str     0x00000000      0x201 strFunc.o
 .comment       0x00000000       0x31 strFunc.o
 .debug_frame   0x00000000       0x4c strFunc.o
 .text          0x00000000        0x0 TimingDebug.o
 .data          0x00000000        0x0 TimingDebug.o
 .bss           0x00000000        0x0 TimingDebug.o
 .text.testTimingOnDebugPin
                0x00000000       0x1e TimingDebug.o
 .debug_info    0x00000000      0x147 TimingDebug.o
 .debug_abbrev  0x00000000       0xcf TimingDebug.o
 .debug_aranges
                0x00000000       0x20 TimingDebug.o
 .debug_ranges  0x00000000       0x10 TimingDebug.o
 .debug_line    0x00000000      0x129 TimingDebug.o
 .debug_str     0x00000000      0x1d1 TimingDebug.o
 .comment       0x00000000       0x31 TimingDebug.o
 .debug_frame   0x00000000       0x24 TimingDebug.o
 .text          0x00000000        0x0 tinudht.o
 .data          0x00000000        0x0 tinudht.o
 .bss           0x00000000        0x0 tinudht.o
 .text          0x00000000        0x0 Menu.o
 .data          0x00000000        0x0 Menu.o
 .bss           0x00000000        0x0 Menu.o
 .text          0x00000000        0x0 c:/program files (x86)/atmel/studio/7.0/toolchain/avr8/avr8-gnu-toolchain/bin/../lib/gcc/avr/4.9.2/avr5\libgcc.a(_divmodqi4.o)
 .data          0x00000000        0x0 c:/program files (x86)/atmel/studio/7.0/toolchain/avr8/avr8-gnu-toolchain/bin/../lib/gcc/avr/4.9.2/avr5\libgcc.a(_divmodqi4.o)
 .bss           0x00000000        0x0 c:/program files (x86)/atmel/studio/7.0/toolchain/avr8/avr8-gnu-toolchain/bin/../lib/gcc/avr/4.9.2/avr5\libgcc.a(_divmodqi4.o)
 .text.libgcc.mul
                0x00000000        0x0 c:/program files (x86)/atmel/studio/7.0/toolchain/avr8/avr8-gnu-toolchain/bin/../lib/gcc/avr/4.9.2/avr5\libgcc.a(_divmodqi4.o)
 .text.libgcc   0x00000000        0x0 c:/program files (x86)/atmel/studio/7.0/toolchain/avr8/avr8-gnu-toolchain/bin/../lib/gcc/avr/4.9.2/avr5\libgcc.a(_divmodqi4.o)
 .text.libgcc.prologue
                0x00000000        0x0 c:/program files (x86)/atmel/studio/7.0/toolchain/avr8/avr8-gnu-toolchain/bin/../lib/gcc/avr/4.9.2/avr5\libgcc.a(_divmodqi4.o)
 .text.libgcc.builtins
                0x00000000        0x0 c:/program files (x86)/atmel/studio/7.0/toolchain/avr8/avr8-gnu-toolchain/bin/../lib/gcc/avr/4.9.2/avr5\libgcc.a(_divmodqi4.o)
 .text.libgcc.fmul
                0x00000000        0x0 c:/program files (x86)/atmel/studio/7.0/toolchain/avr8/avr8-gnu-toolchain/bin/../lib/gcc/avr/4.9.2/avr5\libgcc.a(_divmodqi4.o)
 .text.libgcc.fixed
                0x00000000        0x0 c:/program files (x86)/atmel/studio/7.0/toolchain/avr8/avr8-gnu-toolchain/bin/../lib/gcc/avr/4.9.2/avr5\libgcc.a(_divmodqi4.o)
 .text          0x00000000        0x0 c:/program files (x86)/atmel/studio/7.0/toolchain/avr8/avr8-gnu-toolchain/bin/../lib/gcc/avr/4.9.2/avr5\libgcc.a(_divmodhi4.o)
 .data          0x00000000        0x0 c:/program files (x86)/atmel/studio/7.0/toolchain/avr8/avr8-gnu-toolchain/bin/../lib/gcc/avr/4.9.2/avr5\libgcc.a(_divmodhi4.o)
 .bss           0x00000000        0x0 c:/program files (x86)/atmel/studio/7.0/toolchain/avr8/avr8-gnu-toolchain/bin/../lib/gcc/avr/4.9.2/avr5\libgcc.a(_divmodhi4.o)
 .text.libgcc.mul
                0x00000000        0x0 c:/program files (x86)/atmel/studio/7.0/toolchain/avr8/avr8-gnu-toolchain/bin/../lib/gcc/avr/4.9.2/avr5\libgcc.a(_divmodhi4.o)
 .text.libgcc.div
                0x00000000       0x28 c:/program files (x86)/atmel/studio/7.0/toolchain/avr8/avr8-gnu-toolchain/bin/../lib/gcc/avr/4.9.2/avr5\libgcc.a(_divmodhi4.o)
 .text.libgcc   0x00000000        0x0 c:/program files (x86)/atmel/studio/7.0/toolchain/avr8/avr8-gnu-toolchain/bin/../lib/gcc/avr/4.9.2/avr5\libgcc.a(_divmodhi4.o)
 .text.libgcc.prologue
                0x00000000        0x0 c:/program files (x86)/atmel/studio/7.0/toolchain/avr8/avr8-gnu-toolchain/bin/../lib/gcc/avr/4.9.2/avr5\libgcc.a(_divmodhi4.o)
 .text.libgcc.builtins
                0x00000000        0x0 c:/program files (x86)/atmel/studio/7.0/toolchain/avr8/avr8-gnu-toolchain/bin/../lib/gcc/avr/4.9.2/avr5\libgcc.a(_divmodhi4.o)
 .text.libgcc.fmul
                0x00000000        0x0 c:/program files (x86)/atmel/studio/7.0/toolchain/avr8/avr8-gnu-toolchain/bin/../lib/gcc/avr/4.9.2/avr5\libgcc.a(_divmodhi4.o)
 .text.libgcc.fixed
                0x00000000        0x0 c:/program files (x86)/atmel/studio/7.0/toolchain/avr8/avr8-gnu-toolchain/bin/../lib/gcc/avr/4.9.2/avr5\libgcc.a(_divmodhi4.o)
 .text          0x00000000        0x0 c:/program files (x86)/atmel/studio/7.0/toolchain/avr8/avr8-gnu-toolchain/bin/../lib/gcc/avr/4.9.2/avr5\libgcc.a(_exit.o)
 .data          0x00000000        0x0 c:/program files (x86)/atmel/studio/7.0/toolchain/avr8/avr8-gnu-toolchain/bin/../lib/gcc/avr/4.9.2/avr5\libgcc.a(_exit.o)
 .bss           0x00000000        0x0 c:/program files (x86)/atmel/studio/7.0/toolchain/avr8/avr8-gnu-toolchain/bin/../lib/gcc/avr/4.9.2/avr5\libgcc.a(_exit.o)
 .text.libgcc.mul
                0x00000000        0x0 c:/program files (x86)/atmel/studio/7.0/toolchain/avr8/avr8-gnu-toolchain/bin/../lib/gcc/avr/4.9.2/avr5\libgcc.a(_exit.o)
 .text.libgcc.div
                0x00000000        0x0 c:/program files (x86)/atmel/studio/7.0/toolchain/avr8/avr8-gnu-toolchain/bin/../lib/gcc/avr/4.9.2/avr5\libgcc.a(_exit.o)
 .text.libgcc   0x00000000        0x0 c:/program files (x86)/atmel/studio/7.0/toolchain/avr8/avr8-gnu-toolchain/bin/../lib/gcc/avr/4.9.2/avr5\libgcc.a(_exit.o)
 .text.libgcc.prologue
                0x00000000        0x0 c:/program files (x86)/atmel/studio/7.0/toolchain/avr8/avr8-gnu-toolchain/bin/../lib/gcc/avr/4.9.2/avr5\libgcc.a(_exit.o)
 .text.libgcc.builtins
                0x00000000        0x0 c:/program files (x86)/atmel/studio/7.0/toolchain/avr8/avr8-gnu-toolchain/bin/../lib/gcc/avr/4.9.2/avr5\libgcc.a(_exit.o)
 .text.libgcc.fmul
                0x00000000        0x0 c:/program files (x86)/atmel/studio/7.0/toolchain/avr8/avr8-gnu-toolchain/bin/../lib/gcc/avr/4.9.2/avr5\libgcc.a(_exit.o)
 .text.libgcc.fixed
                0x00000000        0x0 c:/program files (x86)/atmel/studio/7.0/toolchain/avr8/avr8-gnu-toolchain/bin/../lib/gcc/avr/4.9.2/avr5\libgcc.a(_exit.o)
 .text          0x00000000        0x0 c:/program files (x86)/atmel/studio/7.0/toolchain/avr8/avr8-gnu-toolchain/bin/../lib/gcc/avr/4.9.2/avr5\libgcc.a(_tablejump2.o)
 .data          0x00000000        0x0 c:/program files (x86)/atmel/studio/7.0/toolchain/avr8/avr8-gnu-toolchain/bin/../lib/gcc/avr/4.9.2/avr5\libgcc.a(_tablejump2.o)
 .bss           0x00000000        0x0 c:/program files (x86)/atmel/studio/7.0/toolchain/avr8/avr8-gnu-toolchain/bin/../lib/gcc/avr/4.9.2/avr5\libgcc.a(_tablejump2.o)
 .text.libgcc.mul
                0x00000000        0x0 c:/program files (x86)/atmel/studio/7.0/toolchain/avr8/avr8-gnu-toolchain/bin/../lib/gcc/avr/4.9.2/avr5\libgcc.a(_tablejump2.o)
 .text.libgcc.div
                0x00000000        0x0 c:/program files (x86)/atmel/studio/7.0/toolchain/avr8/avr8-gnu-toolchain/bin/../lib/gcc/avr/4.9.2/avr5\libgcc.a(_tablejump2.o)
 .text.libgcc.prologue
                0x00000000        0x0 c:/program files (x86)/atmel/studio/7.0/toolchain/avr8/avr8-gnu-toolchain/bin/../lib/gcc/avr/4.9.2/avr5\libgcc.a(_tablejump2.o)
 .text.libgcc.builtins
                0x00000000        0x0 c:/program files (x86)/atmel/studio/7.0/toolchain/avr8/avr8-gnu-toolchain/bin/../lib/gcc/avr/4.9.2/avr5\libgcc.a(_tablejump2.o)
 .text.libgcc.fmul
                0x00000000        0x0 c:/program files (x86)/atmel/studio/7.0/toolchain/avr8/avr8-gnu-toolchain/bin/../lib/gcc/avr/4.9.2/avr5\libgcc.a(_tablejump2.o)
 .text.libgcc.fixed
                0x00000000        0x0 c:/program files (x86)/atmel/studio/7.0/toolchain/avr8/avr8-gnu-toolchain/bin/../lib/gcc/avr/4.9.2/avr5\libgcc.a(_tablejump2.o)
 .text          0x00000000        0x0 c:/program files (x86)/atmel/studio/7.0/toolchain/avr8/avr8-gnu-toolchain/bin/../lib/gcc/avr/4.9.2/avr5\libgcc.a(_copy_data.o)
 .data          0x00000000        0x0 c:/program files (x86)/atmel/studio/7.0/toolchain/avr8/avr8-gnu-toolchain/bin/../lib/gcc/avr/4.9.2/avr5\libgcc.a(_copy_data.o)
 .bss           0x00000000        0x0 c:/program files (x86)/atmel/studio/7.0/toolchain/avr8/avr8-gnu-toolchain/bin/../lib/gcc/avr/4.9.2/avr5\libgcc.a(_copy_data.o)
 .text.libgcc.mul
                0x00000000        0x0 c:/program files (x86)/atmel/studio/7.0/toolchain/avr8/avr8-gnu-toolchain/bin/../lib/gcc/avr/4.9.2/avr5\libgcc.a(_copy_data.o)
 .text.libgcc.div
                0x00000000        0x0 c:/program files (x86)/atmel/studio/7.0/toolchain/avr8/avr8-gnu-toolchain/bin/../lib/gcc/avr/4.9.2/avr5\libgcc.a(_copy_data.o)
 .text.libgcc   0x00000000        0x0 c:/program files (x86)/atmel/studio/7.0/toolchain/avr8/avr8-gnu-toolchain/bin/../lib/gcc/avr/4.9.2/avr5\libgcc.a(_copy_data.o)
 .text.libgcc.prologue
                0x00000000        0x0 c:/program files (x86)/atmel/studio/7.0/toolchain/avr8/avr8-gnu-toolchain/bin/../lib/gcc/avr/4.9.2/avr5\libgcc.a(_copy_data.o)
 .text.libgcc.builtins
                0x00000000        0x0 c:/program files (x86)/atmel/studio/7.0/toolchain/avr8/avr8-gnu-toolchain/bin/../lib/gcc/avr/4.9.2/avr5\libgcc.a(_copy_data.o)
 .text.libgcc.fmul
                0x00000000        0x0 c:/program files (x86)/atmel/studio/7.0/toolchain/avr8/avr8-gnu-toolchain/bin/../lib/gcc/avr/4.9.2/avr5\libgcc.a(_copy_data.o)
 .text.libgcc.fixed
                0x00000000        0x0 c:/program files (x86)/atmel/studio/7.0/toolchain/avr8/avr8-gnu-toolchain/bin/../lib/gcc/avr/4.9.2/avr5\libgcc.a(_copy_data.o)
 .text          0x00000000        0x0 c:/program files (x86)/atmel/studio/7.0/toolchain/avr8/avr8-gnu-toolchain/bin/../lib/gcc/avr/4.9.2/avr5\libgcc.a(_clear_bss.o)
 .data          0x00000000        0x0 c:/program files (x86)/atmel/studio/7.0/toolchain/avr8/avr8-gnu-toolchain/bin/../lib/gcc/avr/4.9.2/avr5\libgcc.a(_clear_bss.o)
 .bss           0x00000000        0x0 c:/program files (x86)/atmel/studio/7.0/toolchain/avr8/avr8-gnu-toolchain/bin/../lib/gcc/avr/4.9.2/avr5\libgcc.a(_clear_bss.o)
 .text.libgcc.mul
                0x00000000        0x0 c:/program files (x86)/atmel/studio/7.0/toolchain/avr8/avr8-gnu-toolchain/bin/../lib/gcc/avr/4.9.2/avr5\libgcc.a(_clear_bss.o)
 .text.libgcc.div
                0x00000000        0x0 c:/program files (x86)/atmel/studio/7.0/toolchain/avr8/avr8-gnu-toolchain/bin/../lib/gcc/avr/4.9.2/avr5\libgcc.a(_clear_bss.o)
 .text.libgcc   0x00000000        0x0 c:/program files (x86)/atmel/studio/7.0/toolchain/avr8/avr8-gnu-toolchain/bin/../lib/gcc/avr/4.9.2/avr5\libgcc.a(_clear_bss.o)
 .text.libgcc.prologue
                0x00000000        0x0 c:/program files (x86)/atmel/studio/7.0/toolchain/avr8/avr8-gnu-toolchain/bin/../lib/gcc/avr/4.9.2/avr5\libgcc.a(_clear_bss.o)
 .text.libgcc.builtins
                0x00000000        0x0 c:/program files (x86)/atmel/studio/7.0/toolchain/avr8/avr8-gnu-toolchain/bin/../lib/gcc/avr/4.9.2/avr5\libgcc.a(_clear_bss.o)
 .text.libgcc.fmul
                0x00000000        0x0 c:/program files (x86)/atmel/studio/7.0/toolchain/avr8/avr8-gnu-toolchain/bin/../lib/gcc/avr/4.9.2/avr5\libgcc.a(_clear_bss.o)
 .text.libgcc.fixed
                0x00000000        0x0 c:/program files (x86)/atmel/studio/7.0/toolchain/avr8/avr8-gnu-toolchain/bin/../lib/gcc/avr/4.9.2/avr5\libgcc.a(_clear_bss.o)
 .text          0x00000000        0x0 c:/program files (x86)/atmel/studio/7.0/toolchain/avr8/avr8-gnu-toolchain/bin/../lib/gcc/avr/4.9.2/avr5\libgcc.a(_umulhisi3.o)
 .data          0x00000000        0x0 c:/program files (x86)/atmel/studio/7.0/toolchain/avr8/avr8-gnu-toolchain/bin/../lib/gcc/avr/4.9.2/avr5\libgcc.a(_umulhisi3.o)
 .bss           0x00000000        0x0 c:/program files (x86)/atmel/studio/7.0/toolchain/avr8/avr8-gnu-toolchain/bin/../lib/gcc/avr/4.9.2/avr5\libgcc.a(_umulhisi3.o)
 .text.libgcc.mul
                0x00000000       0x1e c:/program files (x86)/atmel/studio/7.0/toolchain/avr8/avr8-gnu-toolchain/bin/../lib/gcc/avr/4.9.2/avr5\libgcc.a(_umulhisi3.o)
 .text.libgcc.div
                0x00000000        0x0 c:/program files (x86)/atmel/studio/7.0/toolchain/avr8/avr8-gnu-toolchain/bin/../lib/gcc/avr/4.9.2/avr5\libgcc.a(_umulhisi3.o)
 .text.libgcc   0x00000000        0x0 c:/program files (x86)/atmel/studio/7.0/toolchain/avr8/avr8-gnu-toolchain/bin/../lib/gcc/avr/4.9.2/avr5\libgcc.a(_umulhisi3.o)
 .text.libgcc.prologue
                0x00000000        0x0 c:/program files (x86)/atmel/studio/7.0/toolchain/avr8/avr8-gnu-toolchain/bin/../lib/gcc/avr/4.9.2/avr5\libgcc.a(_umulhisi3.o)
 .text.libgcc.builtins
                0x00000000        0x0 c:/program files (x86)/atmel/studio/7.0/toolchain/avr8/avr8-gnu-toolchain/bin/../lib/gcc/avr/4.9.2/avr5\libgcc.a(_umulhisi3.o)
 .text.libgcc.fmul
                0x00000000        0x0 c:/program files (x86)/atmel/studio/7.0/toolchain/avr8/avr8-gnu-toolchain/bin/../lib/gcc/avr/4.9.2/avr5\libgcc.a(_umulhisi3.o)
 .text.libgcc.fixed
                0x00000000        0x0 c:/program files (x86)/atmel/studio/7.0/toolchain/avr8/avr8-gnu-toolchain/bin/../lib/gcc/avr/4.9.2/avr5\libgcc.a(_umulhisi3.o)
 .text          0x00000000        0x0 c:/program files (x86)/atmel/studio/7.0/toolchain/avr8/avr8-gnu-toolchain/bin/../lib/gcc/avr/4.9.2/avr5\libgcc.a(_udivmodqi4.o)
 .data          0x00000000        0x0 c:/program files (x86)/atmel/studio/7.0/toolchain/avr8/avr8-gnu-toolchain/bin/../lib/gcc/avr/4.9.2/avr5\libgcc.a(_udivmodqi4.o)
 .bss           0x00000000        0x0 c:/program files (x86)/atmel/studio/7.0/toolchain/avr8/avr8-gnu-toolchain/bin/../lib/gcc/avr/4.9.2/avr5\libgcc.a(_udivmodqi4.o)
 .text.libgcc.mul
                0x00000000        0x0 c:/program files (x86)/atmel/studio/7.0/toolchain/avr8/avr8-gnu-toolchain/bin/../lib/gcc/avr/4.9.2/avr5\libgcc.a(_udivmodqi4.o)
 .text.libgcc   0x00000000        0x0 c:/program files (x86)/atmel/studio/7.0/toolchain/avr8/avr8-gnu-toolchain/bin/../lib/gcc/avr/4.9.2/avr5\libgcc.a(_udivmodqi4.o)
 .text.libgcc.prologue
                0x00000000        0x0 c:/program files (x86)/atmel/studio/7.0/toolchain/avr8/avr8-gnu-toolchain/bin/../lib/gcc/avr/4.9.2/avr5\libgcc.a(_udivmodqi4.o)
 .text.libgcc.builtins
                0x00000000        0x0 c:/program files (x86)/atmel/studio/7.0/toolchain/avr8/avr8-gnu-toolchain/bin/../lib/gcc/avr/4.9.2/avr5\libgcc.a(_udivmodqi4.o)
 .text.libgcc.fmul
                0x00000000        0x0 c:/program files (x86)/atmel/studio/7.0/toolchain/avr8/avr8-gnu-toolchain/bin/../lib/gcc/avr/4.9.2/avr5\libgcc.a(_udivmodqi4.o)
 .text.libgcc.fixed
                0x00000000        0x0 c:/program files (x86)/atmel/studio/7.0/toolchain/avr8/avr8-gnu-toolchain/bin/../lib/gcc/avr/4.9.2/avr5\libgcc.a(_udivmodqi4.o)
 .text          0x00000000        0x0 c:/program files (x86)/atmel/studio/7.0/toolchain/avr8/avr8-gnu-toolchain/bin/../lib/gcc/avr/4.9.2/avr5\libgcc.a(_udivmodhi4.o)
 .data          0x00000000        0x0 c:/program files (x86)/atmel/studio/7.0/toolchain/avr8/avr8-gnu-toolchain/bin/../lib/gcc/avr/4.9.2/avr5\libgcc.a(_udivmodhi4.o)
 .bss           0x00000000        0x0 c:/program files (x86)/atmel/studio/7.0/toolchain/avr8/avr8-gnu-toolchain/bin/../lib/gcc/avr/4.9.2/avr5\libgcc.a(_udivmodhi4.o)
 .text.libgcc.mul
                0x00000000        0x0 c:/program files (x86)/atmel/studio/7.0/toolchain/avr8/avr8-gnu-toolchain/bin/../lib/gcc/avr/4.9.2/avr5\libgcc.a(_udivmodhi4.o)
 .text.libgcc.div
                0x00000000       0x28 c:/program files (x86)/atmel/studio/7.0/toolchain/avr8/avr8-gnu-toolchain/bin/../lib/gcc/avr/4.9.2/avr5\libgcc.a(_udivmodhi4.o)
 .text.libgcc   0x00000000        0x0 c:/program files (x86)/atmel/studio/7.0/toolchain/avr8/avr8-gnu-toolchain/bin/../lib/gcc/avr/4.9.2/avr5\libgcc.a(_udivmodhi4.o)
 .text.libgcc.prologue
                0x00000000        0x0 c:/program files (x86)/atmel/studio/7.0/toolchain/avr8/avr8-gnu-toolchain/bin/../lib/gcc/avr/4.9.2/avr5\libgcc.a(_udivmodhi4.o)
 .text.libgcc.builtins
                0x00000000        0x0 c:/program files (x86)/atmel/studio/7.0/toolchain/avr8/avr8-gnu-toolchain/bin/../lib/gcc/avr/4.9.2/avr5\libgcc.a(_udivmodhi4.o)
 .text.libgcc.fmul
                0x00000000        0x0 c:/program files (x86)/atmel/studio/7.0/toolchain/avr8/avr8-gnu-toolchain/bin/../lib/gcc/avr/4.9.2/avr5\libgcc.a(_udivmodhi4.o)
 .text.libgcc.fixed
                0x00000000        0x0 c:/program files (x86)/atmel/studio/7.0/toolchain/avr8/avr8-gnu-toolchain/bin/../lib/gcc/avr/4.9.2/avr5\libgcc.a(_udivmodhi4.o)
 .text          0x00000000        0x0 c:/program files (x86)/atmel/studio/7.0/toolchain/avr8/avr8-gnu-toolchain/bin/../lib/gcc/avr/4.9.2/../../../../avr/lib/avr5\libc.a(atoi.o)
 .data          0x00000000        0x0 c:/program files (x86)/atmel/studio/7.0/toolchain/avr8/avr8-gnu-toolchain/bin/../lib/gcc/avr/4.9.2/../../../../avr/lib/avr5\libc.a(atoi.o)
 .bss           0x00000000        0x0 c:/program files (x86)/atmel/studio/7.0/toolchain/avr8/avr8-gnu-toolchain/bin/../lib/gcc/avr/4.9.2/../../../../avr/lib/avr5\libc.a(atoi.o)
 .text.avr-libc
                0x00000000       0x3c c:/program files (x86)/atmel/studio/7.0/toolchain/avr8/avr8-gnu-toolchain/bin/../lib/gcc/avr/4.9.2/../../../../avr/lib/avr5\libc.a(atoi.o)
 .text          0x00000000        0x0 c:/program files (x86)/atmel/studio/7.0/toolchain/avr8/avr8-gnu-toolchain/bin/../lib/gcc/avr/4.9.2/../../../../avr/lib/avr5\libc.a(strtok.o)
 .data          0x00000000        0x0 c:/program files (x86)/atmel/studio/7.0/toolchain/avr8/avr8-gnu-toolchain/bin/../lib/gcc/avr/4.9.2/../../../../avr/lib/avr5\libc.a(strtok.o)
 .bss           0x00000000        0x2 c:/program files (x86)/atmel/studio/7.0/toolchain/avr8/avr8-gnu-toolchain/bin/../lib/gcc/avr/4.9.2/../../../../avr/lib/avr5\libc.a(strtok.o)
 .text.avr-libc
                0x00000000        0xa c:/program files (x86)/atmel/studio/7.0/toolchain/avr8/avr8-gnu-toolchain/bin/../lib/gcc/avr/4.9.2/../../../../avr/lib/avr5\libc.a(strtok.o)
 .comment       0x00000000       0x31 c:/program files (x86)/atmel/studio/7.0/toolchain/avr8/avr8-gnu-toolchain/bin/../lib/gcc/avr/4.9.2/../../../../avr/lib/avr5\libc.a(strtok.o)
 .text          0x00000000        0x0 c:/program files (x86)/atmel/studio/7.0/toolchain/avr8/avr8-gnu-toolchain/bin/../lib/gcc/avr/4.9.2/../../../../avr/lib/avr5\libc.a(strcmp.o)
 .data          0x00000000        0x0 c:/program files (x86)/atmel/studio/7.0/toolchain/avr8/avr8-gnu-toolchain/bin/../lib/gcc/avr/4.9.2/../../../../avr/lib/avr5\libc.a(strcmp.o)
 .bss           0x00000000        0x0 c:/program files (x86)/atmel/studio/7.0/toolchain/avr8/avr8-gnu-toolchain/bin/../lib/gcc/avr/4.9.2/../../../../avr/lib/avr5\libc.a(strcmp.o)
 .text.avr-libc
                0x00000000       0x12 c:/program files (x86)/atmel/studio/7.0/toolchain/avr8/avr8-gnu-toolchain/bin/../lib/gcc/avr/4.9.2/../../../../avr/lib/avr5\libc.a(strcmp.o)
 .text          0x00000000        0x0 c:/program files (x86)/atmel/studio/7.0/toolchain/avr8/avr8-gnu-toolchain/bin/../lib/gcc/avr/4.9.2/../../../../avr/lib/avr5\libc.a(strcpy.o)
 .data          0x00000000        0x0 c:/program files (x86)/atmel/studio/7.0/toolchain/avr8/avr8-gnu-toolchain/bin/../lib/gcc/avr/4.9.2/../../../../avr/lib/avr5\libc.a(strcpy.o)
 .bss           0x00000000        0x0 c:/program files (x86)/atmel/studio/7.0/toolchain/avr8/avr8-gnu-toolchain/bin/../lib/gcc/avr/4.9.2/../../../../avr/lib/avr5\libc.a(strcpy.o)
 .text.avr-libc
                0x00000000        0xe c:/program files (x86)/atmel/studio/7.0/toolchain/avr8/avr8-gnu-toolchain/bin/../lib/gcc/avr/4.9.2/../../../../avr/lib/avr5\libc.a(strcpy.o)
 .text          0x00000000        0x0 c:/program files (x86)/atmel/studio/7.0/toolchain/avr8/avr8-gnu-toolchain/bin/../lib/gcc/avr/4.9.2/../../../../avr/lib/avr5\libc.a(strtok_r.o)
 .data          0x00000000        0x0 c:/program files (x86)/atmel/studio/7.0/toolchain/avr8/avr8-gnu-toolchain/bin/../lib/gcc/avr/4.9.2/../../../../avr/lib/avr5\libc.a(strtok_r.o)
 .bss           0x00000000        0x0 c:/program files (x86)/atmel/studio/7.0/toolchain/avr8/avr8-gnu-toolchain/bin/../lib/gcc/avr/4.9.2/../../../../avr/lib/avr5\libc.a(strtok_r.o)
 .text.avr-libc
                0x00000000       0x4e c:/program files (x86)/atmel/studio/7.0/toolchain/avr8/avr8-gnu-toolchain/bin/../lib/gcc/avr/4.9.2/../../../../avr/lib/avr5\libc.a(strtok_r.o)
 .text          0x00000000        0x0 c:/program files (x86)/atmel/studio/7.0/toolchain/avr8/avr8-gnu-toolchain/bin/../lib/gcc/avr/4.9.2/../../../../avr/lib/avr5\libc.a(itoa_ncheck.o)
 .data          0x00000000        0x0 c:/program files (x86)/atmel/studio/7.0/toolchain/avr8/avr8-gnu-toolchain/bin/../lib/gcc/avr/4.9.2/../../../../avr/lib/avr5\libc.a(itoa_ncheck.o)
 .bss           0x00000000        0x0 c:/program files (x86)/atmel/studio/7.0/toolchain/avr8/avr8-gnu-toolchain/bin/../lib/gcc/avr/4.9.2/../../../../avr/lib/avr5\libc.a(itoa_ncheck.o)
 .text          0x00000000        0x0 c:/program files (x86)/atmel/studio/7.0/toolchain/avr8/avr8-gnu-toolchain/bin/../lib/gcc/avr/4.9.2/../../../../avr/lib/avr5\libc.a(mul10.o)
 .data          0x00000000        0x0 c:/program files (x86)/atmel/studio/7.0/toolchain/avr8/avr8-gnu-toolchain/bin/../lib/gcc/avr/4.9.2/../../../../avr/lib/avr5\libc.a(mul10.o)
 .bss           0x00000000        0x0 c:/program files (x86)/atmel/studio/7.0/toolchain/avr8/avr8-gnu-toolchain/bin/../lib/gcc/avr/4.9.2/../../../../avr/lib/avr5\libc.a(mul10.o)
 .text.avr-libc
                0x00000000       0x10 c:/program files (x86)/atmel/studio/7.0/toolchain/avr8/avr8-gnu-toolchain/bin/../lib/gcc/avr/4.9.2/../../../../avr/lib/avr5\libc.a(mul10.o)
 .text          0x00000000        0x0 c:/program files (x86)/atmel/studio/7.0/toolchain/avr8/avr8-gnu-toolchain/bin/../lib/gcc/avr/4.9.2/../../../../avr/lib/avr5\libc.a(utoa_ncheck.o)
 .data          0x00000000        0x0 c:/program files (x86)/atmel/studio/7.0/toolchain/avr8/avr8-gnu-toolchain/bin/../lib/gcc/avr/4.9.2/../../../../avr/lib/avr5\libc.a(utoa_ncheck.o)
 .bss           0x00000000        0x0 c:/program files (x86)/atmel/studio/7.0/toolchain/avr8/avr8-gnu-toolchain/bin/../lib/gcc/avr/4.9.2/../../../../avr/lib/avr5\libc.a(utoa_ncheck.o)
 .text          0x00000000        0x0 c:/program files (x86)/atmel/studio/7.0/toolchain/avr8/avr8-gnu-toolchain/bin/../lib/gcc/avr/4.9.2/../../../../avr/lib/avr5\libc.a(strrev.o)
 .data          0x00000000        0x0 c:/program files (x86)/atmel/studio/7.0/toolchain/avr8/avr8-gnu-toolchain/bin/../lib/gcc/avr/4.9.2/../../../../avr/lib/avr5\libc.a(strrev.o)
 .bss           0x00000000        0x0 c:/program files (x86)/atmel/studio/7.0/toolchain/avr8/avr8-gnu-toolchain/bin/../lib/gcc/avr/4.9.2/../../../../avr/lib/avr5\libc.a(strrev.o)
 .text          0x00000000        0x0 C:/Program Files (x86)/Atmel/Studio/7.0/Packs/atmel/ATmega_DFP/1.1.130/gcc/dev/atmega328p/avr5\libatmega328p.a(eerd_byte.o)
 .data          0x00000000        0x0 C:/Program Files (x86)/Atmel/Studio/7.0/Packs/atmel/ATmega_DFP/1.1.130/gcc/dev/atmega328p/avr5\libatmega328p.a(eerd_byte.o)
 .bss           0x00000000        0x0 C:/Program Files (x86)/Atmel/Studio/7.0/Packs/atmel/ATmega_DFP/1.1.130/gcc/dev/atmega328p/avr5\libatmega328p.a(eerd_byte.o)
 .text.avr-libc
                0x00000000       0x10 C:/Program Files (x86)/Atmel/Studio/7.0/Packs/atmel/ATmega_DFP/1.1.130/gcc/dev/atmega328p/avr5\libatmega328p.a(eerd_byte.o)
 .debug_line    0x00000000       0x7a C:/Program Files (x86)/Atmel/Studio/7.0/Packs/atmel/ATmega_DFP/1.1.130/gcc/dev/atmega328p/avr5\libatmega328p.a(eerd_byte.o)
 .debug_info    0x00000000       0xac C:/Program Files (x86)/Atmel/Studio/7.0/Packs/atmel/ATmega_DFP/1.1.130/gcc/dev/atmega328p/avr5\libatmega328p.a(eerd_byte.o)
 .debug_abbrev  0x00000000       0x14 C:/Program Files (x86)/Atmel/Studio/7.0/Packs/atmel/ATmega_DFP/1.1.130/gcc/dev/atmega328p/avr5\libatmega328p.a(eerd_byte.o)
 .debug_aranges
                0x00000000       0x20 C:/Program Files (x86)/Atmel/Studio/7.0/Packs/atmel/ATmega_DFP/1.1.130/gcc/dev/atmega328p/avr5\libatmega328p.a(eerd_byte.o)
 .text          0x00000000        0x0 C:/Program Files (x86)/Atmel/Studio/7.0/Packs/atmel/ATmega_DFP/1.1.130/gcc/dev/atmega328p/avr5\libatmega328p.a(eeupd_byte.o)
 .data          0x00000000        0x0 C:/Program Files (x86)/Atmel/Studio/7.0/Packs/atmel/ATmega_DFP/1.1.130/gcc/dev/atmega328p/avr5\libatmega328p.a(eeupd_byte.o)
 .bss           0x00000000        0x0 C:/Program Files (x86)/Atmel/Studio/7.0/Packs/atmel/ATmega_DFP/1.1.130/gcc/dev/atmega328p/avr5\libatmega328p.a(eeupd_byte.o)
 .text.avr-libc
                0x00000000       0x24 C:/Program Files (x86)/Atmel/Studio/7.0/Packs/atmel/ATmega_DFP/1.1.130/gcc/dev/atmega328p/avr5\libatmega328p.a(eeupd_byte.o)
 .debug_line    0x00000000       0xb6 C:/Program Files (x86)/Atmel/Studio/7.0/Packs/atmel/ATmega_DFP/1.1.130/gcc/dev/atmega328p/avr5\libatmega328p.a(eeupd_byte.o)
 .debug_info    0x00000000       0xad C:/Program Files (x86)/Atmel/Studio/7.0/Packs/atmel/ATmega_DFP/1.1.130/gcc/dev/atmega328p/avr5\libatmega328p.a(eeupd_byte.o)
 .debug_abbrev  0x00000000       0x14 C:/Program Files (x86)/Atmel/Studio/7.0/Packs/atmel/ATmega_DFP/1.1.130/gcc/dev/atmega328p/avr5\libatmega328p.a(eeupd_byte.o)
 .debug_aranges
                0x00000000       0x20 C:/Program Files (x86)/Atmel/Studio/7.0/Packs/atmel/ATmega_DFP/1.1.130/gcc/dev/atmega328p/avr5\libatmega328p.a(eeupd_byte.o)

Memory Configuration

Name             Origin             Length             Attributes
text             0x00000000         0x00020000         xr
data             0x00800060         0x0000ffa0         rw !x
eeprom           0x00810000         0x00010000         rw !x
fuse             0x00820000         0x00000003         rw !x
lock             0x00830000         0x00000400         rw !x
signature        0x00840000         0x00000400         rw !x
user_signatures  0x00850000         0x00000400         rw !x
*default*        0x00000000         0xffffffff

Linker script and memory map

Address of section .data set to 0x800100
LOAD C:/Program Files (x86)/Atmel/Studio/7.0/Packs/atmel/ATmega_DFP/1.1.130/gcc/dev/atmega328p/avr5/crtatmega328p.o
LOAD config.o
LOAD DHT11.o
LOAD DS1307.o
LOAD EEPROM.o
LOAD LCD_DS1307_DHT11.o
LOAD globals.o
LOAD I2C.o
LOAD intrpt.o
LOAD LCD.o
LOAD LCDutil.o
LOAD main.o
LOAD PowerSave.o
LOAD Sound.o
LOAD strFunc.o
LOAD TimingDebug.o
LOAD tinudht.o
LOAD Menu.o
START GROUP
LOAD c:/program files (x86)/atmel/studio/7.0/toolchain/avr8/avr8-gnu-toolchain/bin/../lib/gcc/avr/4.9.2/../../../../avr/lib/avr5\libm.a
END GROUP
START GROUP
LOAD c:/program files (x86)/atmel/studio/7.0/toolchain/avr8/avr8-gnu-toolchain/bin/../lib/gcc/avr/4.9.2/avr5\libgcc.a
LOAD c:/program files (x86)/atmel/studio/7.0/toolchain/avr8/avr8-gnu-toolchain/bin/../lib/gcc/avr/4.9.2/../../../../avr/lib/avr5\libm.a
LOAD c:/program files (x86)/atmel/studio/7.0/toolchain/avr8/avr8-gnu-toolchain/bin/../lib/gcc/avr/4.9.2/../../../../avr/lib/avr5\libc.a
LOAD C:/Program Files (x86)/Atmel/Studio/7.0/Packs/atmel/ATmega_DFP/1.1.130/gcc/dev/atmega328p/avr5\libatmega328p.a
END GROUP
                0x00020000                __TEXT_REGION_LENGTH__ = DEFINED (__TEXT_REGION_LENGTH__)?__TEXT_REGION_LENGTH__:0x20000
                0x0000ffa0                __DATA_REGION_LENGTH__ = DEFINED (__DATA_REGION_LENGTH__)?__DATA_REGION_LENGTH__:0xffa0
                0x00010000                __EEPROM_REGION_LENGTH__ = DEFINED (__EEPROM_REGION_LENGTH__)?__EEPROM_REGION_LENGTH__:0x10000
                [0x00000003]                __FUSE_REGION_LENGTH__ = DEFINED (__FUSE_REGION_LENGTH__)?__FUSE_REGION_LENGTH__:0x400
                0x00000400                __LOCK_REGION_LENGTH__ = DEFINED (__LOCK_REGION_LENGTH__)?__LOCK_REGION_LENGTH__:0x400
                0x00000400                __SIGNATURE_REGION_LENGTH__ = DEFINED (__SIGNATURE_REGION_LENGTH__)?__SIGNATURE_REGION_LENGTH__:0x400
                0x00000400                __USER_SIGNATURE_REGION_LENGTH__ = DEFINED (__USER_SIGNATURE_REGION_LENGTH__)?__USER_SIGNATURE_REGION_LENGTH__:0x400

.hash
 *(.hash)

.dynsym
 *(.dynsym)

.dynstr
 *(.dynstr)

.gnu.version
 *(.gnu.version)

.gnu.version_d
 *(.gnu.version_d)

.gnu.version_r
 *(.gnu.version_r)

.rel.init
 *(.rel.init)

.rela.init
 *(.rela.init)

.rel.text
 *(.rel.text)
 *(.rel.text.*)
 *(.rel.gnu.linkonce.t*)

.rela.text
 *(.rela.text)
 *(.rela.text.*)
 *(.rela.gnu.linkonce.t*)

.rel.fini
 *(.rel.fini)

.rela.fini
 *(.rela.fini)

.rel.rodata
 *(.rel.rodata)
 *(.rel.rodata.*)
 *(.rel.gnu.linkonce.r*)

.rela.rodata
 *(.rela.rodata)
 *(.rela.rodata.*)
 *(.rela.gnu.linkonce.r*)

.rel.data
 *(.rel.data)
 *(.rel.data.*)
 *(.rel.gnu.linkonce.d*)

.rela.data
 *(.rela.data)
 *(.rela.data.*)
 *(.rela.gnu.linkonce.d*)

.rel.ctors
 *(.rel.ctors)

.rela.ctors
 *(.rela.ctors)

.rel.dtors
 *(.rel.dtors)

.rela.dtors
 *(.rela.dtors)

.rel.got
 *(.rel.got)

.rela.got
 *(.rela.got)

.rel.bss
 *(.rel.bss)

.rela.bss
 *(.rela.bss)

.rel.plt
 *(.rel.plt)

.rela.plt
 *(.rela.plt)

.text           0x00000000     0x1338
 *(.vectors)
 .vectors       0x00000000       0x68 C:/Program Files (x86)/Atmel/Studio/7.0/Packs/atmel/ATmega_DFP/1.1.130/gcc/dev/atmega328p/avr5/crtatmega328p.o
                0x00000000                __vector_default
                0x00000000                __vectors
 *(.vectors)
 *(.progmem.gcc*)
 .progmem.gcc_sw_table.dispDayAsStr
                0x00000068        0xe LCD_DS1307_DHT11.o
 .progmem.gcc_sw_table.proceedClock
                0x00000076       0x18 intrpt.o
 .progmem.gcc_sw_table.lcd_dispRealClock
                0x0000008e        0xe LCDutil.o
                0x0000009c                . = ALIGN (0x2)
                0x0000009c                __trampolines_start = .
 *(.trampolines)
 .trampolines   0x0000009c        0x0 linker stubs
 *(.trampolines*)
                0x0000009c                __trampolines_end = .
 *libprintf_flt.a:*(.progmem.data)
 *libc.a:*(.progmem.data)
 *(.progmem*)
                0x0000009c                . = ALIGN (0x2)
 *(.jumptables)
 *(.jumptables*)
 *(.lowtext)
 *(.lowtext*)
                0x0000009c                __ctors_start = .
 *(.ctors)
                0x0000009c                __ctors_end = .
                0x0000009c                __dtors_start = .
 *(.dtors)
                0x0000009c                __dtors_end = .
 SORT(*)(.ctors)
 SORT(*)(.dtors)
 *(.init0)
 .init0         0x0000009c        0x0 C:/Program Files (x86)/Atmel/Studio/7.0/Packs/atmel/ATmega_DFP/1.1.130/gcc/dev/atmega328p/avr5/crtatmega328p.o
                0x0000009c                __init
 *(.init0)
 *(.init1)
 *(.init1)
 *(.init2)
 .init2         0x0000009c        0xc C:/Program Files (x86)/Atmel/Studio/7.0/Packs/atmel/ATmega_DFP/1.1.130/gcc/dev/atmega328p/avr5/crtatmega328p.o
 *(.init2)
 *(.init3)
 *(.init3)
 *(.init4)
 .init4         0x000000a8       0x16 c:/program files (x86)/atmel/studio/7.0/toolchain/avr8/avr8-gnu-toolchain/bin/../lib/gcc/avr/4.9.2/avr5\libgcc.a(_copy_data.o)
                0x000000a8                __do_copy_data
 .init4         0x000000be       0x10 c:/program files (x86)/atmel/studio/7.0/toolchain/avr8/avr8-gnu-toolchain/bin/../lib/gcc/avr/4.9.2/avr5\libgcc.a(_clear_bss.o)
                0x000000be                __do_clear_bss
 *(.init4)
 *(.init5)
 *(.init5)
 *(.init6)
 *(.init6)
 *(.init7)
 *(.init7)
 *(.init8)
 *(.init8)
 *(.init9)
 .init9         0x000000ce        0x8 C:/Program Files (x86)/Atmel/Studio/7.0/Packs/atmel/ATmega_DFP/1.1.130/gcc/dev/atmega328p/avr5/crtatmega328p.o
 *(.init9)
 *(.text)
 .text          0x000000d6        0x4 C:/Program Files (x86)/Atmel/Studio/7.0/Packs/atmel/ATmega_DFP/1.1.130/gcc/dev/atmega328p/avr5/crtatmega328p.o
                0x000000d6                __vector_22
                0x000000d6                __vector_24
                0x000000d6                __vector_12
                0x000000d6                __bad_interrupt
                0x000000d6                __vector_3
                0x000000d6                __vector_23
                0x000000d6                __vector_25
                0x000000d6                __vector_11
                0x000000d6                __vector_13
                0x000000d6                __vector_17
                0x000000d6                __vector_19
                0x000000d6                __vector_7
                0x000000d6                __vector_4
                0x000000d6                __vector_9
                0x000000d6                __vector_2
                0x000000d6                __vector_21
                0x000000d6                __vector_15
                0x000000d6                __vector_8
                0x000000d6                __vector_14
                0x000000d6                __vector_10
                0x000000d6                __vector_16
                0x000000d6                __vector_18
                0x000000d6                __vector_20
                0x000000da                . = ALIGN (0x2)
 *(.text.*)
 .text.LCDconfig
                0x000000da       0x18 config.o
                0x000000da                LCDconfig
 .text.SwitchConfig
                0x000000f2        0x6 config.o
                0x000000f2                SwitchConfig
 .text.RTC_DS1307config
                0x000000f8        0x8 config.o
                0x000000f8                RTC_DS1307config
 .text.DHT11config
                0x00000100        0x6 config.o
                0x00000100                DHT11config
 .text.BuzzerConfig
                0x00000106        0x6 config.o
                0x00000106                BuzzerConfig
 .text.debugPinConfig
                0x0000010c        0x6 config.o
                0x0000010c                debugPinConfig
 .text.config   0x00000112       0x1a config.o
                0x00000112                config
 .text.getDHT   0x0000012c       0x7e DHT11.o
                0x0000012c                getDHT
 .text.DS1307_GetTime
                0x000001aa       0x52 DS1307.o
                0x000001aa                DS1307_GetTime
 .text.DS1307_GetDate
                0x000001fc       0x42 DS1307.o
                0x000001fc                DS1307_GetDate
 .text.DS1307_GetWkDay
                0x0000023e       0x16 DS1307.o
                0x0000023e                DS1307_GetWkDay
 .text.adjustHour
                0x00000254       0xac DS1307.o
                0x00000254                adjustHour
 .text.adjustMin
                0x00000300       0xac DS1307.o
                0x00000300                adjustMin
 .text.adjustSec
                0x000003ac       0xac DS1307.o
                0x000003ac                adjustSec
 .text.dispDayAsStr
                0x00000458       0xca LCD_DS1307_DHT11.o
                0x00000458                dispDayAsStr
 .text.LCD_WriteDate
                0x00000522       0x60 LCD_DS1307_DHT11.o
                0x00000522                LCD_WriteDate
 .text.LCD_WriteTime
                0x00000582       0x4a LCD_DS1307_DHT11.o
                0x00000582                LCD_WriteTime
 .text.LCD_WriteTimeDate
                0x000005cc       0x1e LCD_DS1307_DHT11.o
                0x000005cc                LCD_WriteTimeDate
 .text.LCD_WriteTimeDateTempHumid
                0x000005ea       0x42 LCD_DS1307_DHT11.o
                0x000005ea                LCD_WriteTimeDateTempHumid
 .text.I2C_Init
                0x0000062c        0xc I2C.o
                0x0000062c                I2C_Init
 .text.I2C_Detect
                0x00000638       0x34 I2C.o
                0x00000638                I2C_Detect
 .text.I2C_Write
                0x0000066c       0x24 I2C.o
                0x0000066c                I2C_Write
 .text.I2C_ReadNACK
                0x00000690       0x16 I2C.o
                0x00000690                I2C_ReadNACK
 .text.I2C_ReadRegister
                0x000006a6       0x2a I2C.o
                0x000006a6                I2C_ReadRegister
 .text.__vector_1
                0x000006d0       0x6c intrpt.o
                0x000006d0                __vector_1
 .text.__vector_5
                0x0000073c       0x88 intrpt.o
                0x0000073c                __vector_5
 .text.initINT  0x000007c4       0x1a intrpt.o
                0x000007c4                initINT
 .text.proceedClock
                0x000007de      0x138 intrpt.o
                0x000007de                proceedClock
 .text.__vector_6
                0x00000916       0x74 intrpt.o
                0x00000916                __vector_6
 .text.lcd_write_4
                0x0000098a       0x24 LCD.o
                0x0000098a                lcd_write_4
 .text.lcd_write_character_4d
                0x000009ae       0x1a LCD.o
                0x000009ae                lcd_write_character_4d
 .text.lcd_write_string_4d
                0x000009c8       0x5e LCD.o
                0x000009c8                lcd_write_string_4d
 .text.lcd_write_instruction_4d
                0x00000a26       0x1a LCD.o
                0x00000a26                lcd_write_instruction_4d
 .text.lcd_init_4d
                0x00000a40       0x96 LCD.o
                0x00000a40                lcd_init_4d
 .text.LCD_BCDDigits
                0x00000ad6       0x1c LCDutil.o
                0x00000ad6                LCD_BCDDigits
 .text.turnOnLCDBacklight
                0x00000af2        0x4 LCDutil.o
                0x00000af2                turnOnLCDBacklight
 .text.turnOffLCDBacklight
                0x00000af6        0x4 LCDutil.o
                0x00000af6                turnOffLCDBacklight
 .text.LCD_blankChar
                0x00000afa       0x1e LCDutil.o
                0x00000afa                LCD_blankChar
 .text.lcd_dispRealClock
                0x00000b18      0x1da LCDutil.o
                0x00000b18                lcd_dispRealClock
 .text.lcd_dispAccumulatedTime
                0x00000cf2       0xaa LCDutil.o
                0x00000cf2                lcd_dispAccumulatedTime
 .text.lcd_dispProgInfo
                0x00000d9c       0x62 LCDutil.o
                0x00000d9c                lcd_dispProgInfo
 .text.lcd_dispWords
                0x00000dfe       0xf4 LCDutil.o
                0x00000dfe                lcd_dispWords
 .text.main     0x00000ef2       0x30 main.o
                0x00000ef2                main
 .text.makePDasOutput
                0x00000f22       0x36 PowerSave.o
                0x00000f22                makePDasOutput
 .text.prepareWakeUpandLCDHome
                0x00000f58        0xa PowerSave.o
                0x00000f58                prepareWakeUpandLCDHome
 .text.makePDasInput
                0x00000f62       0x32 PowerSave.o
                0x00000f62                makePDasInput
 .text.buzzerSoundOn
                0x00000f94       0x10 Sound.o
                0x00000f94                buzzerSoundOn
 .text.buzzerSoundOff
                0x00000fa4       0x16 Sound.o
                0x00000fa4                buzzerSoundOff
 .text.buzzerBeepBeep
                0x00000fba        0xa Sound.o
                0x00000fba                buzzerBeepBeep
 .text.tinudht_read
                0x00000fc4      0x166 tinudht.o
                0x00000fc4                tinudht_read
 .text.countButton
                0x0000112a      0x160 Menu.o
                0x0000112a                countButton
 .text.libgcc.div
                0x0000128a       0x1c c:/program files (x86)/atmel/studio/7.0/toolchain/avr8/avr8-gnu-toolchain/bin/../lib/gcc/avr/4.9.2/avr5\libgcc.a(_divmodqi4.o)
                0x0000128a                __divmodqi4
 .text.libgcc   0x000012a6        0xc c:/program files (x86)/atmel/studio/7.0/toolchain/avr8/avr8-gnu-toolchain/bin/../lib/gcc/avr/4.9.2/avr5\libgcc.a(_tablejump2.o)
                0x000012a6                __tablejump2__
 .text.libgcc.div
                0x000012b2       0x18 c:/program files (x86)/atmel/studio/7.0/toolchain/avr8/avr8-gnu-toolchain/bin/../lib/gcc/avr/4.9.2/avr5\libgcc.a(_udivmodqi4.o)
                0x000012b2                __udivmodqi4
 .text.avr-libc
                0x000012ca       0x16 c:/program files (x86)/atmel/studio/7.0/toolchain/avr8/avr8-gnu-toolchain/bin/../lib/gcc/avr/4.9.2/../../../../avr/lib/avr5\libc.a(itoa_ncheck.o)
                0x000012ca                __itoa_ncheck
 .text.avr-libc
                0x000012e0       0x34 c:/program files (x86)/atmel/studio/7.0/toolchain/avr8/avr8-gnu-toolchain/bin/../lib/gcc/avr/4.9.2/../../../../avr/lib/avr5\libc.a(utoa_ncheck.o)
                0x000012e0                __utoa_ncheck
                0x000012e2                __utoa_common
 .text.avr-libc
                0x00001314       0x20 c:/program files (x86)/atmel/studio/7.0/toolchain/avr8/avr8-gnu-toolchain/bin/../lib/gcc/avr/4.9.2/../../../../avr/lib/avr5\libc.a(strrev.o)
                0x00001314                strrev
                0x00001334                . = ALIGN (0x2)
 *(.fini9)
 .fini9         0x00001334        0x0 c:/program files (x86)/atmel/studio/7.0/toolchain/avr8/avr8-gnu-toolchain/bin/../lib/gcc/avr/4.9.2/avr5\libgcc.a(_exit.o)
                0x00001334                _exit
                0x00001334                exit
 *(.fini9)
 *(.fini8)
 *(.fini8)
 *(.fini7)
 *(.fini7)
 *(.fini6)
 *(.fini6)
 *(.fini5)
 *(.fini5)
 *(.fini4)
 *(.fini4)
 *(.fini3)
 *(.fini3)
 *(.fini2)
 *(.fini2)
 *(.fini1)
 *(.fini1)
 *(.fini0)
 .fini0         0x00001334        0x4 c:/program files (x86)/atmel/studio/7.0/toolchain/avr8/avr8-gnu-toolchain/bin/../lib/gcc/avr/4.9.2/avr5\libgcc.a(_exit.o)
 *(.fini0)
                0x00001338                _etext = .

.data           0x00800100      0x314 load address 0x00001338
                0x00800100                PROVIDE (__data_start, .)
 *(.data)
 *(.data*)
 .data.program_date
                0x00800100        0xf globals.o
                0x00800100                program_date
 .data.program_version
                0x0080010f        0xf globals.o
                0x0080010f                program_version
 .data.program_author
                0x0080011e        0xf globals.o
                0x0080011e                program_author
 .data.words001
                0x0080012d      0x140 globals.o
                0x0080012d                words001
 .data.words000
                0x0080026d      0x140 globals.o
                0x0080026d                words000
 *(.rodata)
 *(.rodata*)
 .rodata.str1.1
                0x008003ad       0x17 DS1307.o
                                 0x19 (size before relaxing)
 .rodata.str1.1
                0x008003c4       0x50 LCDutil.o
                                 0x70 (size before relaxing)
 *(.gnu.linkonce.d*)
                0x00800414                . = ALIGN (0x2)
                0x00800414                _edata = .
                0x00800414                PROVIDE (__data_end, .)

.bss            0x00800414       0x1a
                0x00800414                PROVIDE (__bss_start, .)
 *(.bss)
 *(.bss*)
 .bss.doneTimer
                0x00800414        0x1 globals.o
                0x00800414                doneTimer
 .bss.accumulatedSec
                0x00800415        0x1 globals.o
                0x00800415                accumulatedSec
 .bss.accumulatedMin
                0x00800416        0x1 globals.o
                0x00800416                accumulatedMin
 .bss.accumulatedHour
                0x00800417        0x1 globals.o
                0x00800417                accumulatedHour
 .bss.day       0x00800418        0x1 globals.o
                0x00800418                day
 .bss.date      0x00800419        0x1 globals.o
                0x00800419                date
 .bss.month     0x0080041a        0x1 globals.o
                0x0080041a                month
 .bss.year      0x0080041b        0x1 globals.o
                0x0080041b                year
 .bss.sec       0x0080041c        0x1 globals.o
                0x0080041c                sec
 .bss.min       0x0080041d        0x1 globals.o
                0x0080041d                min
 .bss.hour      0x0080041e        0x1 globals.o
                0x0080041e                hour
 .bss.wd        0x0080041f        0x1 globals.o
                0x0080041f                wd
 .bss.btcnt     0x00800420        0x1 intrpt.o
                0x00800420                btcnt
 .bss.pwrOn     0x00800421        0x1 intrpt.o
                0x00800421                pwrOn
 *(COMMON)
 COMMON         0x00800422        0x8 DHT11.o
                0x00800422                strHumid
                0x00800425                temp
                0x00800426                strTemp
                0x00800429                humid
 COMMON         0x0080042a        0x4 globals.o
                0x0080042a                monthEndDate
                0x0080042b                numSQW
                0x0080042d                prevMenuCnt
                0x0080042e                PROVIDE (__bss_end, .)
                0x00001338                __data_load_start = LOADADDR (.data)
                0x0000164c                __data_load_end = (__data_load_start + SIZEOF (.data))

.noinit         0x0080042e        0x0
                [!provide]                PROVIDE (__noinit_start, .)
 *(.noinit*)
                [!provide]                PROVIDE (__noinit_end, .)
                0x0080042e                _end = .
                [!provide]                PROVIDE (__heap_start, .)

.eeprom         0x00810000        0x0
 *(.eeprom*)
                0x00810000                __eeprom_end = .

.fuse
 *(.fuse)
 *(.lfuse)
 *(.hfuse)
 *(.efuse)

.lock
 *(.lock*)

.signature
 *(.signature*)

.user_signatures
 *(.user_signatures*)

.stab
 *(.stab)

.stabstr
 *(.stabstr)

.stab.excl
 *(.stab.excl)

.stab.exclstr
 *(.stab.exclstr)

.stab.index
 *(.stab.index)

.stab.indexstr
 *(.stab.indexstr)

.comment        0x00000000       0x30
 *(.comment)
 .comment       0x00000000       0x30 config.o
                                 0x31 (size before relaxing)
 .comment       0x00000030       0x31 DHT11.o
 .comment       0x00000030       0x31 DS1307.o
 .comment       0x00000030       0x31 LCD_DS1307_DHT11.o
 .comment       0x00000030       0x31 globals.o
 .comment       0x00000030       0x31 I2C.o
 .comment       0x00000030       0x31 intrpt.o
 .comment       0x00000030       0x31 LCD.o
 .comment       0x00000030       0x31 LCDutil.o
 .comment       0x00000030       0x31 main.o
 .comment       0x00000030       0x31 PowerSave.o
 .comment       0x00000030       0x31 Sound.o
 .comment       0x00000030       0x31 tinudht.o
 .comment       0x00000030       0x31 Menu.o

.note.gnu.avr.deviceinfo
                0x00000000       0x40
 .note.gnu.avr.deviceinfo
                0x00000000       0x40 C:/Program Files (x86)/Atmel/Studio/7.0/Packs/atmel/ATmega_DFP/1.1.130/gcc/dev/atmega328p/avr5/crtatmega328p.o

.note.gnu.build-id
 *(.note.gnu.build-id)

.debug
 *(.debug)

.line
 *(.line)

.debug_srcinfo
 *(.debug_srcinfo)

.debug_sfnames
 *(.debug_sfnames)

.debug_aranges  0x00000000      0x3c8
 *(.debug_aranges)
 .debug_aranges
                0x00000000       0x50 config.o
 .debug_aranges
                0x00000050       0x20 DHT11.o
 .debug_aranges
                0x00000070       0x68 DS1307.o
 .debug_aranges
                0x000000d8       0x70 LCD_DS1307_DHT11.o
 .debug_aranges
                0x00000148       0x18 globals.o
 .debug_aranges
                0x00000160       0x68 I2C.o
 .debug_aranges
                0x000001c8       0x60 intrpt.o
 .debug_aranges
                0x00000228       0x40 LCD.o
 .debug_aranges
                0x00000268       0xa0 LCDutil.o
 .debug_aranges
                0x00000308       0x20 main.o
 .debug_aranges
                0x00000328       0x30 PowerSave.o
 .debug_aranges
                0x00000358       0x30 Sound.o
 .debug_aranges
                0x00000388       0x20 tinudht.o
 .debug_aranges
                0x000003a8       0x20 Menu.o

.debug_pubnames
 *(.debug_pubnames)

.debug_info     0x00000000     0x5568
 *(.debug_info .gnu.linkonce.wi.*)
 .debug_info    0x00000000      0x5f4 C:/Program Files (x86)/Atmel/Studio/7.0/Packs/atmel/ATmega_DFP/1.1.130/gcc/dev/atmega328p/avr5/crtatmega328p.o
 .debug_info    0x000005f4      0x13e config.o
 .debug_info    0x00000732      0x391 DHT11.o
 .debug_info    0x00000ac3      0xea5 DS1307.o
 .debug_info    0x00001968      0x89c LCD_DS1307_DHT11.o
 .debug_info    0x00002204      0x25c globals.o
 .debug_info    0x00002460      0x390 I2C.o
 .debug_info    0x000027f0      0x3f8 intrpt.o
 .debug_info    0x00002be8      0x5d2 LCD.o
 .debug_info    0x000031ba     0x1894 LCDutil.o
 .debug_info    0x00004a4e      0x187 main.o
 .debug_info    0x00004bd5      0x192 PowerSave.o
 .debug_info    0x00004d67      0x189 Sound.o
 .debug_info    0x00004ef0      0x2a1 tinudht.o
 .debug_info    0x00005191      0x3d7 Menu.o

.debug_abbrev   0x00000000     0x1b32
 *(.debug_abbrev)
 .debug_abbrev  0x00000000      0x5a2 C:/Program Files (x86)/Atmel/Studio/7.0/Packs/atmel/ATmega_DFP/1.1.130/gcc/dev/atmega328p/avr5/crtatmega328p.o
 .debug_abbrev  0x000005a2       0x70 config.o
 .debug_abbrev  0x00000612      0x1f1 DHT11.o
 .debug_abbrev  0x00000803      0x2b2 DS1307.o
 .debug_abbrev  0x00000ab5      0x1e6 LCD_DS1307_DHT11.o
 .debug_abbrev  0x00000c9b       0x67 globals.o
 .debug_abbrev  0x00000d02      0x173 I2C.o
 .debug_abbrev  0x00000e75      0x1dd intrpt.o
 .debug_abbrev  0x00001052      0x1b3 LCD.o
 .debug_abbrev  0x00001205      0x37b LCDutil.o
 .debug_abbrev  0x00001580      0x105 main.o
 .debug_abbrev  0x00001685      0x103 PowerSave.o
 .debug_abbrev  0x00001788       0xe1 Sound.o
 .debug_abbrev  0x00001869      0x188 tinudht.o
 .debug_abbrev  0x000019f1      0x141 Menu.o

.debug_line     0x00000000     0x27bd
 *(.debug_line .debug_line.* .debug_line_end)
 .debug_line    0x00000000      0x133 C:/Program Files (x86)/Atmel/Studio/7.0/Packs/atmel/ATmega_DFP/1.1.130/gcc/dev/atmega328p/avr5/crtatmega328p.o
 .debug_line    0x00000133      0x1aa config.o
 .debug_line    0x000002dd      0x17b DHT11.o
 .debug_line    0x00000458      0x4af DS1307.o
 .debug_line    0x00000907      0x3d2 LCD_DS1307_DHT11.o
 .debug_line    0x00000cd9       0x9b globals.o
 .debug_line    0x00000d74      0x280 I2C.o
 .debug_line    0x00000ff4      0x3f3 intrpt.o
 .debug_line    0x000013e7      0x2e3 LCD.o
 .debug_line    0x000016ca      0x764 LCDutil.o
 .debug_line    0x00001e2e      0x143 main.o
 .debug_line    0x00001f71      0x236 PowerSave.o
 .debug_line    0x000021a7      0x14c Sound.o
 .debug_line    0x000022f3      0x21f tinudht.o
 .debug_line    0x00002512      0x2ab Menu.o

.debug_frame    0x00000000      0x8ec
 *(.debug_frame)
 .debug_frame   0x00000000       0x84 config.o
 .debug_frame   0x00000084       0x34 DHT11.o
 .debug_frame   0x000000b8      0x1a0 DS1307.o
 .debug_frame   0x00000258       0xfc LCD_DS1307_DHT11.o
 .debug_frame   0x00000354       0xdc I2C.o
 .debug_frame   0x00000430      0x17c intrpt.o
 .debug_frame   0x000005ac       0x90 LCD.o
 .debug_frame   0x0000063c      0x198 LCDutil.o
 .debug_frame   0x000007d4       0x24 main.o
 .debug_frame   0x000007f8       0x44 PowerSave.o
 .debug_frame   0x0000083c       0x44 Sound.o
 .debug_frame   0x00000880       0x48 tinudht.o
 .debug_frame   0x000008c8       0x24 Menu.o

.debug_str      0x00000000      0xb9e
 *(.debug_str)
 .debug_str     0x00000000      0x208 C:/Program Files (x86)/Atmel/Studio/7.0/Packs/atmel/ATmega_DFP/1.1.130/gcc/dev/atmega328p/avr5/crtatmega328p.o
 .debug_str     0x00000208      0x1a1 config.o
                                0x1e1 (size before relaxing)
 .debug_str     0x000003a9       0xda DHT11.o
                                0x263 (size before relaxing)
 .debug_str     0x00000483      0x18c DS1307.o
                                0x390 (size before relaxing)
 .debug_str     0x0000060f      0x170 LCD_DS1307_DHT11.o
                                0x3f2 (size before relaxing)
 .debug_str     0x0000077f       0xb9 globals.o
                                0x25f (size before relaxing)
 .debug_str     0x00000838       0x86 I2C.o
                                0x23e (size before relaxing)
 .debug_str     0x000008be       0xc6 intrpt.o
                                0x321 (size before relaxing)
 .debug_str     0x00000984       0x40 LCD.o
                                0x266 (size before relaxing)
 .debug_str     0x000009c4      0x123 LCDutil.o
                                0x4a7 (size before relaxing)
 .debug_str     0x00000ae7       0x11 main.o
                                0x223 (size before relaxing)
 .debug_str     0x00000af8       0x11 PowerSave.o
                                0x219 (size before relaxing)
 .debug_str     0x00000b09       0x2a Sound.o
                                0x200 (size before relaxing)
 .debug_str     0x00000b33       0x46 tinudht.o
                                0x258 (size before relaxing)
 .debug_str     0x00000b79       0x25 Menu.o
                                0x2f4 (size before relaxing)

.debug_loc      0x00000000     0x1f9f
 *(.debug_loc)
 .debug_loc     0x00000000       0x65 DHT11.o
 .debug_loc     0x00000065      0x89c DS1307.o
 .debug_loc     0x00000901      0x1ff LCD_DS1307_DHT11.o
 .debug_loc     0x00000b00      0x37e I2C.o
 .debug_loc     0x00000e7e      0x2ef intrpt.o
 .debug_loc     0x0000116d      0x161 LCD.o
 .debug_loc     0x000012ce      0x57f LCDutil.o
 .debug_loc     0x0000184d      0x351 tinudht.o
 .debug_loc     0x00001b9e      0x401 Menu.o

.debug_macinfo
 *(.debug_macinfo)

.debug_weaknames
 *(.debug_weaknames)

.debug_funcnames
 *(.debug_funcnames)

.debug_typenames
 *(.debug_typenames)

.debug_varnames
 *(.debug_varnames)

.debug_pubtypes
 *(.debug_pubtypes)

.debug_ranges   0x00000000      0x3b8
 *(.debug_ranges)
 .debug_ranges  0x00000000       0x40 config.o
 .debug_ranges  0x00000040       0x10 DHT11.o
 .debug_ranges  0x00000050       0xa0 DS1307.o
 .debug_ranges  0x000000f0       0x60 LCD_DS1307_DHT11.o
 .debug_ranges  0x00000150       0x70 I2C.o
 .debug_ranges  0x000001c0       0x50 intrpt.o
 .debug_ranges  0x00000210       0x30 LCD.o
 .debug_ranges  0x00000240       0x90 LCDutil.o
 .debug_ranges  0x000002d0       0x10 main.o
 .debug_ranges  0x000002e0       0x20 PowerSave.o
 .debug_ranges  0x00000300       0x20 Sound.o
 .debug_ranges  0x00000320       0x60 tinudht.o
 .debug_ranges  0x00000380       0x38 Menu.o

.debug_macro
 *(.debug_macro)
OUTPUT(LCD_RTC_DS1307_DHT11.elf elf32-avr)
LOAD linker stubs
